<html>
<body>
<pre>
<h1>µVision Build Log</h1>
<h2>Project:</h2>
C:\Users\PC\Desktop\repository\mtm_ppsw\current\GPIO.uvproj
Project File Date:  04/25/2019

<h2>Output:</h2>
Rebuild target 'Target 1'
assembling Startup.s...
compiling main.c...
main.c(50): warning:  #1-D: last line of file ends without a newline
compiling led.c...
compiling keyboard.c...
linking...
Program Size: Code=1356 RO-data=32 RW-data=8 ZI-data=1256  
FromELF: creating hex file...
".\GPIO.axf" - 0 Errors, 1 Warning(s).
Rebuild target 'Target 1'
assembling Startup.s...
compiling main.c...
compiling led.c...
compiling keyboard.c...
linking...
Program Size: Code=1356 RO-data=32 RW-data=8 ZI-data=1256  
FromELF: creating hex file...
".\GPIO.axf" - 0 Errors, 0 Warning(s).
Rebuild target 'Target 1'
assembling Startup.s...
compiling main.c...
main.c(50): warning:  #111-D: statement is unreachable
compiling led.c...
compiling keyboard.c...
linking...
Program Size: Code=1356 RO-data=32 RW-data=8 ZI-data=1256  
FromELF: creating hex file...
".\GPIO.axf" - 0 Errors, 1 Warning(s).
Rebuild target 'Target 1'
assembling Startup.s...
compiling main.c...
compiling led.c...
compiling keyboard.c...
linking...
Program Size: Code=1356 RO-data=32 RW-data=8 ZI-data=1256  
FromELF: creating hex file...
".\GPIO.axf" - 0 Errors, 0 Warning(s).
Rebuild target 'Target 1'
assembling Startup.s...
compiling main.c...
compiling led.c...
compiling keyboard.c...
linking...
Program Size: Code=1320 RO-data=32 RW-data=8 ZI-data=1256  
FromELF: creating hex file...
".\GPIO.axf" - 0 Errors, 0 Warning(s).
Rebuild target 'Target 1'
assembling Startup.s...
compiling main.c...
compiling led.c...
compiling keyboard.c...
linking...
Program Size: Code=1320 RO-data=32 RW-data=8 ZI-data=1256  
FromELF: creating hex file...
".\GPIO.axf" - 0 Errors, 0 Warning(s).
Rebuild target 'Target 1'
assembling Startup.s...
compiling main.c...
compiling led.c...
compiling keyboard.c...
linking...
Program Size: Code=1396 RO-data=32 RW-data=8 ZI-data=1256  
FromELF: creating hex file...
".\GPIO.axf" - 0 Errors, 0 Warning(s).
Rebuild target 'Target 1'
assembling Startup.s...
compiling main.c...
compiling led.c...
compiling keyboard.c...
linking...
Program Size: Code=1404 RO-data=32 RW-data=8 ZI-data=1256  
FromELF: creating hex file...
".\GPIO.axf" - 0 Errors, 0 Warning(s).
Rebuild target 'Target 1'
assembling Startup.s...
compiling main.c...
compiling led.c...
compiling keyboard.c...
compiling timer.c...
timer.h(2): warning:  #1-D: last line of file ends without a newline
timer.c(10): error:  #169: expected a declaration
timer.c(12): warning:  #1-D: last line of file ends without a newline
".\GPIO.axf" - 1 Errors, 2 Warning(s).
Target not created
Rebuild target 'Target 1'
assembling Startup.s...
compiling main.c...
compiling led.c...
compiling keyboard.c...
compiling timer.c...
timer.h(2): warning:  #1-D: last line of file ends without a newline
linking...
Program Size: Code=1428 RO-data=32 RW-data=8 ZI-data=1256  
FromELF: creating hex file...
".\GPIO.axf" - 0 Errors, 1 Warning(s).
Rebuild target 'Target 1'
assembling Startup.s...
compiling main.c...
compiling led.c...
compiling keyboard.c...
compiling timer.c...
linking...
Program Size: Code=1428 RO-data=32 RW-data=8 ZI-data=1256  
FromELF: creating hex file...
".\GPIO.axf" - 0 Errors, 0 Warning(s).
Rebuild target 'Target 1'
assembling Startup.s...
compiling main.c...
compiling led.c...
compiling keyboard.c...
compiling timer.c...
linking...
Program Size: Code=1428 RO-data=32 RW-data=8 ZI-data=1256  
FromELF: creating hex file...
".\GPIO.axf" - 0 Errors, 0 Warning(s).
Rebuild target 'Target 1'
assembling Startup.s...
compiling main.c...
compiling led.c...
compiling keyboard.c...
compiling timer.c...
linking...
Program Size: Code=1428 RO-data=32 RW-data=8 ZI-data=1256  
FromELF: creating hex file...
".\GPIO.axf" - 0 Errors, 0 Warning(s).
Rebuild target 'Target 1'
assembling Startup.s...
compiling main.c...
compiling led.c...
compiling keyboard.c...
compiling timer.c...
linking...
Program Size: Code=1428 RO-data=32 RW-data=8 ZI-data=1256  
FromELF: creating hex file...
".\GPIO.axf" - 0 Errors, 0 Warning(s).
Rebuild target 'Target 1'
assembling Startup.s...
compiling main.c...
compiling led.c...
compiling keyboard.c...
compiling timer.c...
linking...
Program Size: Code=1428 RO-data=32 RW-data=8 ZI-data=1256  
FromELF: creating hex file...
".\GPIO.axf" - 0 Errors, 0 Warning(s).
Rebuild target 'Target 1'
assembling Startup.s...
compiling main.c...
compiling led.c...
compiling keyboard.c...
compiling timer.c...
linking...
Program Size: Code=1428 RO-data=32 RW-data=8 ZI-data=1256  
FromELF: creating hex file...
".\GPIO.axf" - 0 Errors, 0 Warning(s).
Rebuild target 'Target 1'
assembling Startup.s...
compiling main.c...
main.c(76): error: At end of source:  #67: expected a "}"
compiling led.c...
compiling keyboard.c...
compiling timer.c...
".\GPIO.axf" - 1 Errors, 0 Warning(s).
Target not created
Rebuild target 'Target 1'
assembling Startup.s...
compiling main.c...
main.c(76): error: At end of source:  #67: expected a "}"
compiling led.c...
compiling keyboard.c...
compiling timer.c...
".\GPIO.axf" - 1 Errors, 0 Warning(s).
Target not created
Rebuild target 'Target 1'
assembling Startup.s...
compiling main.c...
main.c(76): error: At end of source:  #67: expected a "}"
compiling led.c...
compiling keyboard.c...
compiling timer.c...
".\GPIO.axf" - 1 Errors, 0 Warning(s).
Target not created
Rebuild target 'Target 1'
assembling Startup.s...
compiling main.c...
main.c(76): error: At end of source:  #67: expected a "}"
compiling led.c...
compiling keyboard.c...
compiling timer.c...
".\GPIO.axf" - 1 Errors, 0 Warning(s).
Target not created
Rebuild target 'Target 1'
assembling Startup.s...
compiling main.c...
main.c(32): error:  #2706: case label value has already appeared in this switch at line 29
main.c(76): error: At end of source:  #67: expected a "}"
compiling led.c...
compiling keyboard.c...
compiling timer.c...
".\GPIO.axf" - 2 Errors, 0 Warning(s).
Target not created
Rebuild target 'Target 1'
assembling Startup.s...
compiling main.c...
main.c(32): error:  #2706: case label value has already appeared in this switch at line 29
main.c(76): error: At end of source:  #67: expected a "}"
compiling led.c...
compiling keyboard.c...
compiling timer.c...
".\GPIO.axf" - 2 Errors, 0 Warning(s).
Target not created
Rebuild target 'Target 1'
assembling Startup.s...
compiling main.c...
main.c(32): error:  #2706: case label value has already appeared in this switch at line 29
main.c(76): error: At end of source:  #67: expected a "}"
compiling led.c...
compiling keyboard.c...
compiling timer.c...
".\GPIO.axf" - 2 Errors, 0 Warning(s).
Target not created
Rebuild target 'Target 1'
assembling Startup.s...
compiling main.c...
compiling led.c...
compiling keyboard.c...
compiling timer.c...
linking...
Program Size: Code=1312 RO-data=32 RW-data=4 ZI-data=1260  
FromELF: creating hex file...
".\GPIO.axf" - 0 Errors, 0 Warning(s).
Rebuild target 'Target 1'
assembling Startup.s...
compiling main.c...
compiling led.c...
compiling keyboard.c...
compiling timer.c...
linking...
Program Size: Code=1312 RO-data=32 RW-data=4 ZI-data=1260  
FromELF: creating hex file...
".\GPIO.axf" - 0 Errors, 0 Warning(s).
Rebuild target 'Target 1'
assembling Startup.s...
compiling main.c...
compiling led.c...
compiling keyboard.c...
compiling timer.c...
linking...
Program Size: Code=1316 RO-data=32 RW-data=4 ZI-data=1260  
FromELF: creating hex file...
".\GPIO.axf" - 0 Errors, 0 Warning(s).
Rebuild target 'Target 1'
assembling Startup.s...
compiling main.c...
compiling led.c...
compiling keyboard.c...
compiling timer.c...
linking...
Program Size: Code=1316 RO-data=32 RW-data=4 ZI-data=1260  
FromELF: creating hex file...
".\GPIO.axf" - 0 Errors, 0 Warning(s).
Rebuild target 'Target 1'
assembling Startup.s...
compiling main.c...
compiling led.c...
compiling keyboard.c...
compiling timer.c...
linking...
Program Size: Code=1316 RO-data=32 RW-data=4 ZI-data=1260  
FromELF: creating hex file...
".\GPIO.axf" - 0 Errors, 0 Warning(s).
Rebuild target 'Target 1'
assembling Startup.s...
compiling main.c...
compiling led.c...
compiling keyboard.c...
compiling timer.c...
linking...
Program Size: Code=1312 RO-data=32 RW-data=4 ZI-data=1260  
FromELF: creating hex file...
".\GPIO.axf" - 0 Errors, 0 Warning(s).
Rebuild target 'Target 1'
assembling Startup.s...
compiling main.c...
compiling led.c...
compiling keyboard.c...
compiling timer.c...
linking...
Program Size: Code=1312 RO-data=32 RW-data=4 ZI-data=1260  
FromELF: creating hex file...
".\GPIO.axf" - 0 Errors, 0 Warning(s).
Rebuild target 'Target 1'
assembling Startup.s...
compiling main.c...
main.c(30): warning:  #223-D: function "LedOn" declared implicitly
compiling led.c...
compiling keyboard.c...
compiling timer.c...
linking...
Program Size: Code=1356 RO-data=32 RW-data=4 ZI-data=1260  
FromELF: creating hex file...
".\GPIO.axf" - 0 Errors, 1 Warning(s).
Rebuild target 'Target 1'
assembling Startup.s...
compiling main.c...
main.c(30): warning:  #223-D: function "LedOn" declared implicitly
compiling led.c...
compiling keyboard.c...
compiling timer.c...
linking...
Program Size: Code=1356 RO-data=32 RW-data=4 ZI-data=1260  
FromELF: creating hex file...
".\GPIO.axf" - 0 Errors, 1 Warning(s).
Rebuild target 'Target 1'
assembling Startup.s...
compiling main.c...
main.c(30): warning:  #223-D: function "LedOn" declared implicitly
compiling led.c...
compiling keyboard.c...
compiling timer.c...
linking...
Program Size: Code=1356 RO-data=32 RW-data=4 ZI-data=1260  
FromELF: creating hex file...
".\GPIO.axf" - 0 Errors, 1 Warning(s).
Rebuild target 'Target 1'
assembling Startup.s...
compiling main.c...
compiling led.c...
compiling keyboard.c...
compiling timer.c...
linking...
Program Size: Code=1312 RO-data=32 RW-data=4 ZI-data=1260  
FromELF: creating hex file...
".\GPIO.axf" - 0 Errors, 0 Warning(s).
