<html>
<body>
<pre>
<h1>µVision Build Log</h1>
<h2>Project:</h2>
C:\Users\PC\Desktop\repository\mtm_ppsw\current\GPIO.uvproj
Project File Date:  05/30/2019

<h2>Output:</h2>
Rebuild target 'Target 1'
assembling Startup.s...
compiling main.c...
compiling led.c...
compiling keyboard.c...
compiling timer.c...
compiling timer_interrupts.c...
compiling servo.c...
compiling uart.c...
linking...
Program Size: Code=2800 RO-data=32 RW-data=16 ZI-data=1272  
FromELF: creating hex file...
".\GPIO.axf" - 0 Errors, 0 Warning(s).
Rebuild target 'Target 1'
assembling Startup.s...
compiling main.c...
compiling led.c...
compiling keyboard.c...
compiling timer.c...
compiling timer_interrupts.c...
compiling servo.c...
compiling uart.c...
linking...
Program Size: Code=2800 RO-data=32 RW-data=16 ZI-data=1272  
FromELF: creating hex file...
".\GPIO.axf" - 0 Errors, 0 Warning(s).
